Using remote mode. gh version 2.102.0 (2026-09-30)
https://github.com/cli/cli/releases/tag/v2.102.0

Fetching releases...
Fetched releases:
[
  { name: 'components', release: 'v3.4.9' },
  { name: 'fragment', release: 'v3.4.8' }
]
Cloning minified repositories...
Cloned repositories:
[
  {
    directory: '/home/runner/work/ifcjs-docs/ifcjs-docs/temp/components',
    branch: 'v3.4.9'
  },
  {
    directory: '/home/runner/work/ifcjs-docs/ifcjs-docs/temp/fragment',
    branch: 'v3.4.8'
  }
]
Finished copying and setting up repositories!
